#-----------------------------------------------------------
# Vivado v2020.2 (64-bit)
# SW Build 3064766 on Wed Nov 18 09:12:45 MST 2020
# IP Build 3064653 on Wed Nov 18 14:17:31 MST 2020
# Start of session at: Sat Apr 29 23:50:29 2023
# Process ID: 19332
# Current directory: Z:/PC-II-SummerSemester/BPC-DE1-project/ProjectMorse
# Command line: vivado.exe -gui_launcher_event rodinguilauncherevent18000 Z:\PC-II-SummerSemester\BPC-DE1-project\ProjectMorse\ProjectMorse.xpr
# Log file: Z:/PC-II-SummerSemester/BPC-DE1-project/ProjectMorse/vivado.log
# Journal file: Z:/PC-II-SummerSemester/BPC-DE1-project/ProjectMorse\vivado.jou
#-----------------------------------------------------------
start_gui
open_project Z:/PC-II-SummerSemester/BPC-DE1-project/ProjectMorse/ProjectMorse.xpr
update_compile_order -fileset sources_1
launch_simulation
open_wave_config Z:/PC-II-SummerSemester/BPC-DE1-project/ProjectMorse/tb_morse_bin_behav.wcfg
source tb_bin_morse.tcl
close_sim
set_property is_enabled false [get_files  Z:/PC-II-SummerSemester/BPC-DE1-project/ProjectMorse/tb_morse_bin_behav.wcfg]
launch_simulation
source tb_bin_morse.tcl
close_sim
