#-----------------------------------------------------------
# Vivado v2020.2 (64-bit)
# SW Build 3064766 on Wed Nov 18 09:12:45 MST 2020
# IP Build 3064653 on Wed Nov 18 14:17:31 MST 2020
# Start of session at: Wed Apr 12 13:04:24 2023
# Process ID: 3324
# Current directory: C:/Users/240703/PC-II-SummerSemester/BPC-DE1-project/ProjectMorse
# Command line: vivado.exe -gui_launcher_event rodinguilauncherevent10944 C:\Users\240703\PC-II-SummerSemester\BPC-DE1-project\ProjectMorse\ProjectMorse.xpr
# Log file: C:/Users/240703/PC-II-SummerSemester/BPC-DE1-project/ProjectMorse/vivado.log
# Journal file: C:/Users/240703/PC-II-SummerSemester/BPC-DE1-project/ProjectMorse\vivado.jou
#-----------------------------------------------------------
start_gui
open_project C:/Users/240703/PC-II-SummerSemester/BPC-DE1-project/ProjectMorse/ProjectMorse.xpr
update_compile_order -fileset sources_1
launch_simulation
source tb_bin_morse.tcl
current_wave_config {Untitled 1}
add_wave {{/tb_bin_morse/uut_tb_bin_morse/clk_en0/sig_cnt}} 
relaunch_sim
close_sim
launch_simulation
source tb_bin_morse.tcl
close_sim
launch_simulation
source tb_bin_morse.tcl
close_sim
launch_simulation
source tb_bin_morse.tcl
close_sim
launch_simulation
source tb_bin_morse.tcl
current_wave_config {Untitled 5}
add_wave {{/tb_bin_morse/uut_tb_bin_morse/sig_en}} 
relaunch_sim
close_sim
launch_simulation
source tb_bin_morse.tcl
current_wave_config {Untitled 6}
add_wave {{/tb_bin_morse/uut_tb_bin_morse/send_en}} 
relaunch_sim
current_wave_config {Untitled 6}
add_wave {{/tb_bin_morse/uut_tb_bin_morse/sig_en}} 
relaunch_sim
close_sim
launch_simulation
source tb_bin_morse.tcl
close_sim
launch_simulation
source tb_bin_morse.tcl
current_wave_config {Untitled 8}
add_wave {{/tb_bin_morse/uut_tb_bin_morse/sig_en}} 
relaunch_sim
close_sim
launch_simulation
source tb_bin_morse.tcl
close_sim
launch_simulation
source tb_bin_morse.tcl
current_wave_config {Untitled 10}
add_wave {{/tb_bin_morse/uut_tb_bin_morse/sig_en}} 
relaunch_sim
close_sim
launch_simulation
source tb_bin_morse.tcl
current_wave_config {Untitled 11}
add_wave {{/tb_bin_morse/uut_tb_bin_morse/sig_en}} 
relaunch_sim
close_sim
launch_simulation
source tb_bin_morse.tcl
current_wave_config {Untitled 12}
add_wave {{/tb_bin_morse/uut_tb_bin_morse/sig_en}} 
relaunch_sim
open_hw_manager
connect_hw_server -allow_non_jtag
open_hw_target
set_property PROGRAM.FILE {C:/Users/240703/PC-II-SummerSemester/BPC-DE1-project/ProjectMorse/ProjectMorse.runs/impl_1/top.bit} [get_hw_devices xc7a50t_0]
current_hw_device [get_hw_devices xc7a50t_0]
refresh_hw_device -update_hw_probes false [lindex [get_hw_devices xc7a50t_0] 0]
set_property PROBES.FILE {} [get_hw_devices xc7a50t_0]
set_property FULL_PROBES.FILE {} [get_hw_devices xc7a50t_0]
set_property PROGRAM.FILE {C:/Users/240703/PC-II-SummerSemester/BPC-DE1-project/ProjectMorse/ProjectMorse.runs/impl_1/top.bit} [get_hw_devices xc7a50t_0]
program_hw_devices [get_hw_devices xc7a50t_0]
refresh_hw_device [lindex [get_hw_devices xc7a50t_0] 0]
close_hw_manager
close_sim
launch_simulation
launch_simulation
launch_simulation
source tb_bin_morse.tcl
current_wave_config {Untitled 13}
add_wave {{/tb_bin_morse/uut_tb_bin_morse/sig_en}} 
relaunch_sim
relaunch_sim
relaunch_sim
current_wave_config {Untitled 13}
add_wave {{/tb_bin_morse/uut_tb_bin_morse/sig_cnt}} 
relaunch_sim
relaunch_sim
relaunch_sim
relaunch_sim
relaunch_sim
current_wave_config {Untitled 13}
add_wave {{/tb_bin_morse/uut_tb_bin_morse/send_en}} 
relaunch_sim
relaunch_sim
relaunch_sim
relaunch_sim
relaunch_sim
relaunch_sim
relaunch_sim
relaunch_sim
close_sim
# Disabling source management mode.  This is to allow the top design properties to be set without GUI intervention.
set_property source_mgmt_mode None [current_project]
set_property top top [current_fileset]
# Re-enabling previously disabled source management mode.
set_property source_mgmt_mode All [current_project]
update_compile_order -fileset sources_1
reset_run synth_1
launch_runs impl_1 -to_step write_bitstream -jobs 2
wait_on_run impl_1
open_hw_manager
connect_hw_server -allow_non_jtag
open_hw_target
set_property PROGRAM.FILE {C:/Users/240703/PC-II-SummerSemester/BPC-DE1-project/ProjectMorse/ProjectMorse.runs/impl_1/top.bit} [get_hw_devices xc7a50t_0]
current_hw_device [get_hw_devices xc7a50t_0]
refresh_hw_device -update_hw_probes false [lindex [get_hw_devices xc7a50t_0] 0]
set_property PROBES.FILE {} [get_hw_devices xc7a50t_0]
set_property FULL_PROBES.FILE {} [get_hw_devices xc7a50t_0]
set_property PROGRAM.FILE {C:/Users/240703/PC-II-SummerSemester/BPC-DE1-project/ProjectMorse/ProjectMorse.runs/impl_1/top.bit} [get_hw_devices xc7a50t_0]
program_hw_devices [get_hw_devices xc7a50t_0]
refresh_hw_device [lindex [get_hw_devices xc7a50t_0] 0]
reset_run synth_1
launch_runs impl_1 -to_step write_bitstream -jobs 2
wait_on_run impl_1
open_run impl_1
set_property PROBES.FILE {} [get_hw_devices xc7a50t_0]
set_property FULL_PROBES.FILE {} [get_hw_devices xc7a50t_0]
set_property PROGRAM.FILE {C:/Users/240703/PC-II-SummerSemester/BPC-DE1-project/ProjectMorse/ProjectMorse.runs/impl_1/top.bit} [get_hw_devices xc7a50t_0]
program_hw_devices [get_hw_devices xc7a50t_0]
refresh_hw_device [lindex [get_hw_devices xc7a50t_0] 0]
reset_run synth_1
launch_runs impl_1 -to_step write_bitstream -jobs 2
wait_on_run impl_1
set_property PROBES.FILE {} [get_hw_devices xc7a50t_0]
set_property FULL_PROBES.FILE {} [get_hw_devices xc7a50t_0]
set_property PROGRAM.FILE {C:/Users/240703/PC-II-SummerSemester/BPC-DE1-project/ProjectMorse/ProjectMorse.runs/impl_1/top.bit} [get_hw_devices xc7a50t_0]
program_hw_devices [get_hw_devices xc7a50t_0]
refresh_hw_device [lindex [get_hw_devices xc7a50t_0] 0]
reset_run synth_1
launch_runs impl_1 -to_step write_bitstream -jobs 2
wait_on_run impl_1
set_property PROBES.FILE {} [get_hw_devices xc7a50t_0]
set_property FULL_PROBES.FILE {} [get_hw_devices xc7a50t_0]
set_property PROGRAM.FILE {C:/Users/240703/PC-II-SummerSemester/BPC-DE1-project/ProjectMorse/ProjectMorse.runs/impl_1/top.bit} [get_hw_devices xc7a50t_0]
program_hw_devices [get_hw_devices xc7a50t_0]
refresh_hw_device [lindex [get_hw_devices xc7a50t_0] 0]
