#-----------------------------------------------------------
# Webtalk v2020.2 (64-bit)
# SW Build 3064766 on Wed Nov 18 09:12:45 MST 2020
# IP Build 3064653 on Wed Nov 18 14:17:31 MST 2020
# Start of session at: Sun Apr 30 09:53:06 2023
# Process ID: 3180
# Current directory: C:/Users/Gady-NTB/Documents/SynologyDrive/Gady_Soubory/Gadas_VUT_FEKT/4. Semestr/DE1/GIT/BPC-DE1-project/morse_transmitter/morse_transmitter.sim/sim_1/behav/xsim
# Command line: wbtcv.exe -mode batch -source C:/Users/Gady-NTB/Documents/SynologyDrive/Gady_Soubory/Gadas_VUT_FEKT/4. Semestr/DE1/GIT/BPC-DE1-project/morse_transmitter/morse_transmitter.sim/sim_1/behav/xsim/xsim.dir/tb_bin_morse_behav/webtalk/xsim_webtalk.tcl -notrace
# Log file: C:/Users/Gady-NTB/Documents/SynologyDrive/Gady_Soubory/Gadas_VUT_FEKT/4. Semestr/DE1/GIT/BPC-DE1-project/morse_transmitter/morse_transmitter.sim/sim_1/behav/xsim/webtalk.log
# Journal file: C:/Users/Gady-NTB/Documents/SynologyDrive/Gady_Soubory/Gadas_VUT_FEKT/4. Semestr/DE1/GIT/BPC-DE1-project/morse_transmitter/morse_transmitter.sim/sim_1/behav/xsim\webtalk.jou
#-----------------------------------------------------------
source C:/Users/Gady-NTB/Documents/SynologyDrive/Gady_Soubory/Gadas_VUT_FEKT/4. -notrace
