#-----------------------------------------------------------
# Webtalk v2020.2 (64-bit)
# SW Build 3064766 on Wed Nov 18 09:12:45 MST 2020
# IP Build 3064653 on Wed Nov 18 14:17:31 MST 2020
# Start of session at: Sat Apr 29 23:31:46 2023
# Process ID: 18772
# Current directory: Z:/PC-II-SummerSemester/BPC-DE1-project/ProjectMorse/ProjectMorse.sim/sim_1/behav/xsim
# Command line: wbtcv.exe -mode batch -source Z:/PC-II-SummerSemester/BPC-DE1-project/ProjectMorse/ProjectMorse.sim/sim_1/behav/xsim/xsim.dir/tb_morse_bin_behav/webtalk/xsim_webtalk.tcl -notrace
# Log file: Z:/PC-II-SummerSemester/BPC-DE1-project/ProjectMorse/ProjectMorse.sim/sim_1/behav/xsim/webtalk.log
# Journal file: Z:/PC-II-SummerSemester/BPC-DE1-project/ProjectMorse/ProjectMorse.sim/sim_1/behav/xsim\webtalk.jou
#-----------------------------------------------------------
source Z:/PC-II-SummerSemester/BPC-DE1-project/ProjectMorse/ProjectMorse.sim/sim_1/behav/xsim/xsim.dir/tb_morse_bin_behav/webtalk/xsim_webtalk.tcl -notrace
