#-----------------------------------------------------------
# Webtalk v2020.2 (64-bit)
# SW Build 3064766 on Wed Nov 18 09:12:45 MST 2020
# IP Build 3064653 on Wed Nov 18 14:17:31 MST 2020
# Start of session at: Wed Apr 12 13:08:19 2023
# Process ID: 6644
# Current directory: C:/Users/240703/PC-II-SummerSemester/BPC-DE1-project/ProjectMorse/ProjectMorse.sim/sim_1/behav/xsim
# Command line: wbtcv.exe -mode batch -source C:/Users/240703/PC-II-SummerSemester/BPC-DE1-project/ProjectMorse/ProjectMorse.sim/sim_1/behav/xsim/xsim.dir/tb_bin_morse_behav/webtalk/xsim_webtalk.tcl -notrace
# Log file: C:/Users/240703/PC-II-SummerSemester/BPC-DE1-project/ProjectMorse/ProjectMorse.sim/sim_1/behav/xsim/webtalk.log
# Journal file: C:/Users/240703/PC-II-SummerSemester/BPC-DE1-project/ProjectMorse/ProjectMorse.sim/sim_1/behav/xsim\webtalk.jou
#-----------------------------------------------------------
source C:/Users/240703/PC-II-SummerSemester/BPC-DE1-project/ProjectMorse/ProjectMorse.sim/sim_1/behav/xsim/xsim.dir/tb_bin_morse_behav/webtalk/xsim_webtalk.tcl -notrace
